// Jest Snapshot v1, https://goo.gl/fbAQLP

exports[`Password Reset should render pasword request component 1`] = `ShallowWrapper {}`;
