// Jest Snapshot v1, https://goo.gl/fbAQLP

exports[`Update password should render without crashing 1`] = `ShallowWrapper {}`;
